[
  {
    "timestamp": "2026-08-05T05:55:03.738Z",
    "user": "admin",
    "action": "login_success",
    "details": "Login successful",
    "ip": "::1",
    "level": "info",
    "id": "86fd69d8"
  },
  {
    "timestamp": "2026-08-05T05:55:03.710Z",
    "user": "admin",
    "action": "login_attempt",
    "details": "Login attempt",
    "ip": "::1",
    "level": "info",
    "id": "61c2eb74"
  },
  {
    "timestamp": "2026-08-05T00:12:38.429Z",
    "user": "admin",
    "action": "camera_removed",
    "details": "Camera \"cctv test\" removed",
    "ip": "::1",
    "level": "warning",
    "id": "bba8bf52"
  },
  {
    "timestamp": "2026-08-05T00:11:49.382Z",
    "user": "admin",
    "action": "camera_added",
    "details": "Camera \"cctv test\" added ([REDACTED]) [IP Webcam]",
    "ip": "::1",
    "level": "info",
    "id": "8ec2804d"
  },
  {
    "timestamp": "2026-08-05T00:11:36.211Z",
    "user": "admin",
    "action": "camera_removed",
    "details": "Camera \"cctv test\" removed",
    "ip": "::1",
    "level": "warning",
    "id": "57cd24b3"
  },
  {
    "timestamp": "2026-08-05T00:07:49.988Z",
    "user": "admin",
    "action": "camera_added",
    "details": "Camera \"cctv test\" added ([REDACTED]) [IP Webcam]",
    "ip": "::1",
    "level": "info",
    "id": "032351d7"
  },
  {
    "timestamp": "2026-08-04T23:55:33.321Z",
    "user": "admin",
    "action": "camera_removed",
    "details": "Camera \"cctv test\" removed",
    "ip": "::1",
    "level": "warning",
    "id": "4ce8ec56"
  },
  {
    "timestamp": "2026-08-04T23:52:36.667Z",
    "user": "admin",
    "action": "camera_added",
    "details": "Camera \"cctv test\" added ([REDACTED]) [IP Webcam]",
    "ip": "::1",
    "level": "info",
    "id": "dea82977"
  },
  {
    "timestamp": "2026-08-04T23:52:13.557Z",
    "user": "admin",
    "action": "camera_removed",
    "details": "Camera \"cctv test\" removed",
    "ip": "::1",
    "level": "warning",
    "id": "c602fcf3"
  },
  {
    "timestamp": "2026-08-04T23:47:28.713Z",
    "user": "admin",
    "action": "camera_added",
    "details": "Camera \"cctv test\" added ([REDACTED]) [IP Webcam]",
    "ip": "::1",
    "level": "info",
    "id": "eb945319"
  },
  {
    "timestamp": "2026-08-04T23:46:41.121Z",
    "user": "admin",
    "action": "camera_removed",
    "details": "Camera \"cctv test\" removed",
    "ip": "::1",
    "level": "warning",
    "id": "0595e843"
  },
  {
    "timestamp": "2026-08-04T23:46:25.177Z",
    "user": "admin",
    "action": "camera_added",
    "details": "Camera \"cctv test\" added ([REDACTED]) [IP Webcam]",
    "ip": "::1",
    "level": "info",
    "id": "7f16ec7a"
  },
  {
    "timestamp": "2026-08-04T23:46:13.036Z",
    "user": "admin",
    "action": "camera_removed",
    "details": "Camera \"cctv test\" removed",
    "ip": "::1",
    "level": "warning",
    "id": "57f11be9"
  },
  {
    "timestamp": "2026-08-04T23:45:22.451Z",
    "user": "admin",
    "action": "login_success",
    "details": "Login successful",
    "ip": "::1",
    "level": "info",
    "id": "3e0eb0fb"
  },
  {
    "timestamp": "2026-08-04T23:45:22.442Z",
    "user": "admin",
    "action": "login_attempt",
    "details": "Login attempt",
    "ip": "::1",
    "level": "info",
    "id": "edd0b376"
  },
  {
    "timestamp": "2026-08-04T21:00:33.646Z",
    "user": "admin",
    "action": "fim_baseline",
    "details": "FIM baseline updated",
    "ip": "::1",
    "level": "info",
    "id": "4a897035"
  },
  {
    "timestamp": "2026-08-04T21:00:33.025Z",
    "user": "admin",
    "action": "fim_check",
    "details": "File integrity check performed",
    "ip": "::1",
    "level": "info",
    "id": "51edc540"
  },
  {
    "timestamp": "2026-08-04T21:00:32.322Z",
    "user": "admin",
    "action": "fim_check",
    "details": "File integrity check performed",
    "ip": "::1",
    "level": "info",
    "id": "673047b7"
  },
  {
    "timestamp": "2026-08-04T21:00:30.684Z",
    "user": "admin",
    "action": "fim_check",
    "details": "File integrity check performed",
    "ip": "::1",
    "level": "info",
    "id": "c12b8820"
  },
  {
    "timestamp": "2026-08-04T20:59:34.265Z",
    "user": "admin",
    "action": "fim_check",
    "details": "File integrity check performed",
    "ip": "::1",
    "level": "info",
    "id": "1d9863ec"
  },
  {
    "timestamp": "2026-08-04T20:59:16.306Z",
    "user": "admin",
    "action": "ping_check",
    "details": "Ping [REDACTED]: alive",
    "ip": "::1",
    "level": "info",
    "id": "d732b642"
  },
  {
    "timestamp": "2026-08-04T20:54:24.645Z",
    "user": "admin",
    "action": "camera_added",
    "details": "Camera \"cctv test\" added ([REDACTED]) [IP Webcam]",
    "ip": "::1",
    "level": "info",
    "id": "f7d5357c"
  },
  {
    "timestamp": "2026-08-04T20:53:35.268Z",
    "user": "admin",
    "action": "camera_removed",
    "details": "Camera \"cctv test\" removed",
    "ip": "::1",
    "level": "warning",
    "id": "66bce870"
  },
  {
    "timestamp": "2026-08-04T20:53:17.582Z",
    "user": "admin",
    "action": "camera_added",
    "details": "Camera \"cctv test\" added ([REDACTED])",
    "ip": "::1",
    "level": "info",
    "id": "a66cd46b"
  },
  {
    "timestamp": "2026-08-04T20:53:00.815Z",
    "user": "admin",
    "action": "camera_removed",
    "details": "Camera \"cctv test\" removed",
    "ip": "::1",
    "level": "warning",
    "id": "0d73f608"
  },
  {
    "timestamp": "2026-08-04T20:50:58.999Z",
    "user": "admin",
    "action": "fim_check",
    "details": "File integrity check performed",
    "ip": "::1",
    "level": "info",
    "id": "e919b215"
  },
  {
    "timestamp": "2026-08-04T20:50:55.962Z",
    "user": "admin",
    "action": "login_success",
    "details": "Login successful",
    "ip": "::1",
    "level": "info",
    "id": "ebb11f49"
  },
  {
    "timestamp": "2026-08-04T20:50:55.956Z",
    "user": "admin",
    "action": "anomaly_detected",
    "details": "Login at unusual hour (4:00)",
    "ip": "::1",
    "level": "warning",
    "id": "52171e28"
  },
  {
    "timestamp": "2026-08-04T20:50:55.950Z",
    "user": "admin",
    "action": "login_attempt",
    "details": "Login attempt",
    "ip": "::1",
    "level": "info",
    "id": "19032d28"
  },
  {
    "timestamp": "2026-08-04T20:48:54.734Z",
    "user": "admin",
    "action": "camera_added",
    "details": "Camera \"cctv test\" added ([REDACTED]) [IP Webcam]",
    "ip": "::1",
    "level": "info",
    "id": "2c6b1b39"
  },
  {
    "timestamp": "2026-08-04T20:48:45.404Z",
    "user": "admin",
    "action": "camera_removed",
    "details": "Camera \"cctv test\" removed",
    "ip": "::1",
    "level": "warning",
    "id": "62a794ba"
  },
  {
    "timestamp": "2026-08-04T20:48:19.938Z",
    "user": "admin",
    "action": "fim_check",
    "details": "File integrity check performed",
    "ip": "::1",
    "level": "info",
    "id": "07330e5b"
  },
  {
    "timestamp": "2026-08-04T20:48:16.890Z",
    "user": "admin",
    "action": "login_success",
    "details": "Login successful",
    "ip": "::1",
    "level": "info",
    "id": "a0218c42"
  },
  {
    "timestamp": "2026-08-04T20:48:16.879Z",
    "user": "admin",
    "action": "anomaly_detected",
    "details": "Login at unusual hour (4:00)",
    "ip": "::1",
    "level": "warning",
    "id": "fdb8cf5d"
  },
  {
    "timestamp": "2026-08-04T20:48:16.871Z",
    "user": "admin",
    "action": "login_attempt",
    "details": "Login attempt",
    "ip": "::1",
    "level": "info",
    "id": "be8cd274"
  },
  {
    "timestamp": "2026-08-04T20:47:03.532Z",
    "user": "admin",
    "action": "camera_added",
    "details": "Camera \"cctv test\" added ([REDACTED]) [IP Webcam]",
    "ip": "::1",
    "level": "info",
    "id": "eae487ed"
  },
  {
    "timestamp": "2026-08-04T20:40:20.467Z",
    "user": "admin",
    "action": "recording_deleted",
    "details": "Recording deleted: 1785842625558_cctv_test.webm",
    "ip": "::1",
    "level": "warning",
    "id": "2d299951"
  },
  {
    "timestamp": "2026-08-04T20:39:49.542Z",
    "user": "admin",
    "action": "recording_deleted",
    "details": "Recording deleted: 1785842727476_cctv_test.webm",
    "ip": "::1",
    "level": "warning",
    "id": "077e949d"
  },
  {
    "timestamp": "2026-08-04T20:38:39.051Z",
    "user": "admin",
    "action": "fim_check",
    "details": "File integrity check performed",
    "ip": "::1",
    "level": "info",
    "id": "cfc09d74"
  },
  {
    "timestamp": "2026-08-04T20:38:36.000Z",
    "user": "admin",
    "action": "login_success",
    "details": "Login successful",
    "ip": "::1",
    "level": "info",
    "id": "e803fd54"
  },
  {
    "timestamp": "2026-08-04T20:38:35.993Z",
    "user": "admin",
    "action": "anomaly_detected",
    "details": "Login at unusual hour (4:00)",
    "ip": "::1",
    "level": "warning",
    "id": "65f978a3"
  },
  {
    "timestamp": "2026-08-04T20:38:35.978Z",
    "user": "admin",
    "action": "login_attempt",
    "details": "Login attempt",
    "ip": "::1",
    "level": "info",
    "id": "e5282950"
  },
  {
    "timestamp": "2026-08-04T20:33:31.039Z",
    "user": "admin",
    "action": "fim_check",
    "details": "File integrity check performed",
    "ip": "::1",
    "level": "info",
    "id": "507b1abf"
  },
  {
    "timestamp": "2026-08-04T20:23:31.004Z",
    "user": "admin",
    "action": "fim_check",
    "details": "File integrity check performed",
    "ip": "::1",
    "level": "info",
    "id": "d20c8679"
  },
  {
    "timestamp": "2026-08-04T20:13:31.032Z",
    "user": "admin",
    "action": "fim_check",
    "details": "File integrity check performed",
    "ip": "::1",
    "level": "info",
    "id": "faf18073"
  },
  {
    "timestamp": "2026-08-04T20:03:31.054Z",
    "user": "admin",
    "action": "fim_check",
    "details": "File integrity check performed",
    "ip": "::1",
    "level": "info",
    "id": "d70dfa34"
  },
  {
    "timestamp": "2026-08-04T19:53:33.378Z",
    "user": "admin",
    "action": "fim_check",
    "details": "File integrity check performed",
    "ip": "::1",
    "level": "info",
    "id": "04d3767a"
  },
  {
    "timestamp": "2026-08-04T19:53:30.327Z",
    "user": "admin",
    "action": "login_success",
    "details": "Login successful",
    "ip": "::1",
    "level": "info",
    "id": "056785d8"
  },
  {
    "timestamp": "2026-08-04T19:53:30.322Z",
    "user": "admin",
    "action": "anomaly_detected",
    "details": "Login at unusual hour (3:00)",
    "ip": "::1",
    "level": "warning",
    "id": "8debacfa"
  },
  {
    "timestamp": "2026-08-04T19:53:30.309Z",
    "user": "admin",
    "action": "login_attempt",
    "details": "Login attempt",
    "ip": "::1",
    "level": "info",
    "id": "0eeecf11"
  },
  {
    "timestamp": "2026-08-04T19:52:51.733Z",
    "user": "admin",
    "action": "fim_check",
    "details": "File integrity check performed",
    "ip": "::1",
    "level": "info",
    "id": "52edb18a"
  },
  {
    "timestamp": "2026-08-04T19:52:48.676Z",
    "user": "admin",
    "action": "login_success",
    "details": "Login successful",
    "ip": "::1",
    "level": "info",
    "id": "4222d8e6"
  },
  {
    "timestamp": "2026-08-04T19:52:48.671Z",
    "user": "admin",
    "action": "anomaly_detected",
    "details": "Login at unusual hour (3:00)",
    "ip": "::1",
    "level": "warning",
    "id": "faf96198"
  },
  {
    "timestamp": "2026-08-04T19:52:48.661Z",
    "user": "admin",
    "action": "login_attempt",
    "details": "Login attempt",
    "ip": "::1",
    "level": "info",
    "id": "ab999080"
  },
  {
    "timestamp": "2026-08-04T19:52:22.548Z",
    "user": "admin",
    "action": "fim_check",
    "details": "File integrity check performed",
    "ip": "unknown",
    "level": "info",
    "id": "44fb9494"
  },
  {
    "timestamp": "2026-08-04T19:52:17.262Z",
    "user": "admin",
    "action": "fim_baseline",
    "details": "FIM baseline updated",
    "ip": "unknown",
    "level": "info",
    "id": "687135d1"
  },
  {
    "timestamp": "2026-08-04T19:52:15.394Z",
    "user": "admin",
    "action": "fim_check",
    "details": "File integrity check performed",
    "ip": "unknown",
    "level": "info",
    "id": "fb71ca38"
  },
  {
    "timestamp": "2026-08-04T19:43:29.045Z",
    "user": "admin",
    "action": "fim_check",
    "details": "File integrity check performed",
    "ip": "unknown",
    "level": "info",
    "id": "0fbb13f7"
  },
  {
    "timestamp": "2026-08-04T19:33:29.022Z",
    "user": "admin",
    "action": "fim_check",
    "details": "File integrity check performed",
    "ip": "unknown",
    "level": "info",
    "id": "a95f2e91"
  },
  {
    "timestamp": "2026-08-04T19:23:19.004Z",
    "user": "admin",
    "action": "fim_check",
    "details": "File integrity check performed",
    "ip": "unknown",
    "level": "info",
    "id": "8a9807ff"
  },
  {
    "timestamp": "2026-08-04T19:20:22.052Z",
    "user": "admin",
    "action": "fim_check",
    "details": "File integrity check performed",
    "ip": "unknown",
    "level": "info",
    "id": "88c68a40"
  },
  {
    "timestamp": "2026-08-04T19:13:19.001Z",
    "user": "admin",
    "action": "fim_check",
    "details": "File integrity check performed",
    "ip": "unknown",
    "level": "info",
    "id": "c449fb59"
  },
  {
    "timestamp": "2026-08-04T19:12:35.093Z",
    "user": "admin",
    "action": "fim_check",
    "details": "File integrity check performed",
    "ip": "unknown",
    "level": "info",
    "id": "efd0d260"
  },
  {
    "timestamp": "2026-08-04T19:06:56.549Z",
    "user": "admin",
    "action": "fim_check",
    "details": "File integrity check performed",
    "ip": "unknown",
    "level": "info",
    "id": "9894c151"
  },
  {
    "timestamp": "2026-08-04T19:05:53.855Z",
    "user": "admin",
    "action": "camera_removed",
    "details": "Camera \"cctv test\" removed",
    "ip": "unknown",
    "level": "warning",
    "id": "3b2bcbd6"
  },
  {
    "timestamp": "2026-08-04T19:04:01.006Z",
    "user": "admin",
    "action": "camera_added",
    "details": "Camera \"cctv test\" added ([REDACTED]) [IP Webcam]",
    "ip": "unknown",
    "level": "info",
    "id": "acd2b11a"
  },
  {
    "timestamp": "2026-08-04T19:03:18.917Z",
    "user": "admin",
    "action": "fim_check",
    "details": "File integrity check performed",
    "ip": "unknown",
    "level": "info",
    "id": "7dc42dfa"
  },
  {
    "timestamp": "2026-08-04T19:03:15.878Z",
    "user": "admin",
    "action": "fim_check",
    "details": "File integrity check performed",
    "ip": "unknown",
    "level": "info",
    "id": "bdd87447"
  },
  {
    "timestamp": "2026-08-04T19:03:14.990Z",
    "user": "admin",
    "action": "fim_check",
    "details": "File integrity check performed",
    "ip": "unknown",
    "level": "info",
    "id": "b3777e10"
  },
  {
    "timestamp": "2026-08-04T18:53:29.077Z",
    "user": "admin",
    "action": "fim_check",
    "details": "File integrity check performed",
    "ip": "unknown",
    "level": "info",
    "id": "63d997e8"
  },
  {
    "timestamp": "2026-08-04T18:53:27.953Z",
    "user": "admin",
    "action": "fim_baseline",
    "details": "FIM baseline updated",
    "ip": "unknown",
    "level": "info",
    "id": "1d486e83"
  },
  {
    "timestamp": "2026-08-04T18:53:22.951Z",
    "user": "admin",
    "action": "fim_check",
    "details": "File integrity check performed",
    "ip": "unknown",
    "level": "info",
    "id": "85f5a028"
  },
  {
    "timestamp": "2026-08-04T18:53:18.934Z",
    "user": "admin",
    "action": "fim_check",
    "details": "File integrity check performed",
    "ip": "unknown",
    "level": "info",
    "id": "57bf3812"
  },
  {
    "timestamp": "2026-08-04T18:43:19.029Z",
    "user": "admin",
    "action": "fim_check",
    "details": "File integrity check performed",
    "ip": "unknown",
    "level": "info",
    "id": "db2b29e8"
  },
  {
    "timestamp": "2026-08-04T18:39:26.360Z",
    "user": "admin",
    "action": "ping_check",
    "details": "Ping [REDACTED]: alive",
    "ip": "unknown",
    "level": "info",
    "id": "4807196a"
  },
  {
    "timestamp": "2026-08-04T18:39:14.246Z",
    "user": "admin",
    "action": "ping_check",
    "details": "Ping [REDACTED]: unreachable",
    "ip": "unknown",
    "level": "warning",
    "id": "81c965fc"
  },
  {
    "timestamp": "2026-08-04T18:38:37.514Z",
    "user": "admin",
    "action": "fim_check",
    "details": "File integrity check performed",
    "ip": "unknown",
    "level": "info",
    "id": "64e97e2d"
  },
  {
    "timestamp": "2026-08-04T18:33:18.937Z",
    "user": "admin",
    "action": "fim_check",
    "details": "File integrity check performed",
    "ip": "unknown",
    "level": "info",
    "id": "a3399c08"
  },
  {
    "timestamp": "2026-08-04T18:33:15.003Z",
    "user": "admin",
    "action": "camera_removed",
    "details": "Camera \"Test HP Camera\" removed",
    "ip": "unknown",
    "level": "warning",
    "id": "c280e754"
  },
  {
    "timestamp": "2026-08-04T18:32:59.193Z",
    "user": "admin",
    "action": "camera_removed",
    "details": "Camera \"cctv test\" removed",
    "ip": "unknown",
    "level": "warning",
    "id": "7339251e"
  },
  {
    "timestamp": "2026-08-04T18:32:41.297Z",
    "user": "admin",
    "action": "fim_check",
    "details": "File integrity check performed",
    "ip": "unknown",
    "level": "info",
    "id": "0cdab47a"
  },
  {
    "timestamp": "2026-08-04T18:27:36.583Z",
    "user": "admin",
    "action": "camera_added",
    "details": "Camera \"Test HP Camera\" added ([REDACTED]) [IP Webcam]",
    "ip": "unknown",
    "level": "info",
    "id": "e5289de3"
  },
  {
    "timestamp": "2026-08-04T18:25:56.532Z",
    "user": "admin",
    "action": "camera_added",
    "details": "Camera \"cctv test\" added ([REDACTED]) [IP Webcam]",
    "ip": "unknown",
    "level": "info",
    "id": "8eab1171"
  },
  {
    "timestamp": "2026-08-04T18:23:31.677Z",
    "user": "admin",
    "action": "fim_check",
    "details": "File integrity check performed",
    "ip": "unknown",
    "level": "info",
    "id": "961c6eaa"
  },
  {
    "timestamp": "2026-08-04T18:23:30.654Z",
    "user": "admin",
    "action": "fim_baseline",
    "details": "FIM baseline updated",
    "ip": "unknown",
    "level": "info",
    "id": "81d89e91"
  },
  {
    "timestamp": "2026-08-04T18:23:28.836Z",
    "user": "admin",
    "action": "fim_check",
    "details": "File integrity check performed",
    "ip": "unknown",
    "level": "info",
    "id": "a8e83eff"
  },
  {
    "timestamp": "2026-08-04T18:23:25.396Z",
    "user": "admin",
    "action": "fim_check",
    "details": "File integrity check performed",
    "ip": "unknown",
    "level": "info",
    "id": "c79bfa44"
  },
  {
    "timestamp": "2026-08-04T18:23:21.921Z",
    "user": "admin",
    "action": "fim_check",
    "details": "File integrity check performed",
    "ip": "unknown",
    "level": "info",
    "id": "6c7abbfc"
  },
  {
    "timestamp": "2026-08-04T12:50:15.997Z",
    "user": "admin",
    "action": "fim_check",
    "details": "File integrity check performed",
    "ip": "unknown",
    "level": "info",
    "id": "f21d2544"
  },
  {
    "timestamp": "2026-08-04T12:40:16.014Z",
    "user": "admin",
    "action": "fim_check",
    "details": "File integrity check performed",
    "ip": "unknown",
    "level": "info",
    "id": "9ea29616"
  },
  {
    "timestamp": "2026-08-04T12:30:16.011Z",
    "user": "admin",
    "action": "fim_check",
    "details": "File integrity check performed",
    "ip": "unknown",
    "level": "info",
    "id": "40823a0e"
  },
  {
    "timestamp": "2026-08-04T12:19:59.992Z",
    "user": "admin",
    "action": "fim_check",
    "details": "File integrity check performed",
    "ip": "unknown",
    "level": "info",
    "id": "f7225604"
  },
  {
    "timestamp": "2026-08-04T12:10:00.022Z",
    "user": "admin",
    "action": "fim_check",
    "details": "File integrity check performed",
    "ip": "unknown",
    "level": "info",
    "id": "879fc8f2"
  },
  {
    "timestamp": "2026-08-04T12:00:00.015Z",
    "user": "admin",
    "action": "fim_check",
    "details": "File integrity check performed",
    "ip": "unknown",
    "level": "info",
    "id": "e0eb9b86"
  },
  {
    "timestamp": "2026-08-04T11:50:00.008Z",
    "user": "admin",
    "action": "fim_check",
    "details": "File integrity check performed",
    "ip": "unknown",
    "level": "info",
    "id": "9fd79031"
  },
  {
    "timestamp": "2026-08-04T11:48:02.258Z",
    "user": "admin",
    "action": "camera_removed",
    "details": "Camera \"cctv test\" removed",
    "ip": "unknown",
    "level": "warning",
    "id": "d13ae2fa"
  },
  {
    "timestamp": "2026-08-04T11:40:00.025Z",
    "user": "admin",
    "action": "fim_check",
    "details": "File integrity check performed",
    "ip": "unknown",
    "level": "info",
    "id": "d2a2f7dd"
  },
  {
    "timestamp": "2026-08-04T11:30:00.022Z",
    "user": "admin",
    "action": "fim_check",
    "details": "File integrity check performed",
    "ip": "unknown",
    "level": "info",
    "id": "866df449"
  },
  {
    "timestamp": "2026-08-04T11:26:10.003Z",
    "user": "admin",
    "action": "camera_added",
    "details": "Camera \"cctv test\" added ([REDACTED])",
    "ip": "unknown",
    "level": "info",
    "id": "faad4820"
  },
  {
    "timestamp": "2026-08-04T11:25:58.521Z",
    "user": "admin",
    "action": "camera_removed",
    "details": "Camera \"cctv test\" removed",
    "ip": "unknown",
    "level": "warning",
    "id": "7f0411e6"
  },
  {
    "timestamp": "2026-08-04T11:25:53.672Z",
    "user": "admin",
    "action": "camera_added",
    "details": "Camera \"cctv test\" added ([REDACTED]:8080)",
    "ip": "unknown",
    "level": "info",
    "id": "319f1348"
  },
  {
    "timestamp": "2026-08-04T11:25:44.835Z",
    "user": "admin",
    "action": "camera_removed",
    "details": "Camera \"cctv test\" removed",
    "ip": "unknown",
    "level": "warning",
    "id": "3b1d8cf1"
  },
  {
    "timestamp": "2026-08-04T11:25:27.477Z",
    "user": "admin",
    "action": "recording_saved",
    "details": "Recording saved: 1785842727476_cctv_test.webm (0.1 KB, 3s)",
    "ip": "unknown",
    "level": "info",
    "id": "eeed55fe"
  },
  {
    "timestamp": "2026-08-04T11:24:55.560Z",
    "user": "admin",
    "action": "camera_added",
    "details": "Camera \"cctv test\" added ([REDACTED])",
    "ip": "unknown",
    "level": "info",
    "id": "ff931287"
  },
  {
    "timestamp": "2026-08-04T11:24:34.000Z",
    "user": "admin",
    "action": "camera_removed",
    "details": "Camera \"cctv test\" removed",
    "ip": "unknown",
    "level": "warning",
    "id": "1365224a"
  },
  {
    "timestamp": "2026-08-04T11:23:45.561Z",
    "user": "admin",
    "action": "recording_saved",
    "details": "Recording saved: 1785842625558_cctv_test.webm (0.1 KB, 20s)",
    "ip": "unknown",
    "level": "info",
    "id": "6c859675"
  },
  {
    "timestamp": "2026-08-04T11:23:19.347Z",
    "user": "admin",
    "action": "camera_added",
    "details": "Camera \"cctv test\" added ([REDACTED]:8080)",
    "ip": "unknown",
    "level": "info",
    "id": "b0f38096"
  },
  {
    "timestamp": "2026-08-04T11:20:12.968Z",
    "user": "admin",
    "action": "fim_check",
    "details": "File integrity check performed",
    "ip": "unknown",
    "level": "info",
    "id": "c48e03ba"
  },
  {
    "timestamp": "2026-08-04T11:20:11.855Z",
    "user": "admin",
    "action": "fim_baseline",
    "details": "FIM baseline updated",
    "ip": "unknown",
    "level": "info",
    "id": "97247b46"
  },
  {
    "timestamp": "2026-08-04T11:20:10.284Z",
    "user": "admin",
    "action": "fim_check",
    "details": "File integrity check performed",
    "ip": "unknown",
    "level": "info",
    "id": "d75148ac"
  },
  {
    "timestamp": "2026-08-04T11:20:07.117Z",
    "user": "admin",
    "action": "fim_check",
    "details": "File integrity check performed",
    "ip": "unknown",
    "level": "info",
    "id": "d4ba9aee"
  },
  {
    "timestamp": "2026-08-04T11:20:03.001Z",
    "user": "admin",
    "action": "fim_check",
    "details": "File integrity check performed",
    "ip": "unknown",
    "level": "info",
    "id": "8b3bc0d1"
  },
  {
    "timestamp": "2026-08-04T08:23:49.426Z",
    "user": "admin",
    "action": "fim_check",
    "details": "File integrity check performed",
    "ip": "::1",
    "level": "info",
    "id": "d01d956a"
  },
  {
    "timestamp": "2026-08-04T08:18:05.002Z",
    "user": "admin",
    "action": "fim_check",
    "details": "File integrity check performed",
    "ip": "::1",
    "level": "info",
    "id": "4305c403"
  },
  {
    "timestamp": "2026-08-04T08:13:49.449Z",
    "user": "admin",
    "action": "fim_check",
    "details": "File integrity check performed",
    "ip": "::1",
    "level": "info",
    "id": "97d60520"
  },
  {
    "timestamp": "2026-08-04T08:08:05.013Z",
    "user": "admin",
    "action": "fim_check",
    "details": "File integrity check performed",
    "ip": "::1",
    "level": "info",
    "id": "d891adea"
  },
  {
    "timestamp": "2026-08-04T08:03:49.442Z",
    "user": "admin",
    "action": "fim_check",
    "details": "File integrity check performed",
    "ip": "::1",
    "level": "info",
    "id": "f561302f"
  },
  {
    "timestamp": "2026-08-04T07:58:05.011Z",
    "user": "admin",
    "action": "fim_check",
    "details": "File integrity check performed",
    "ip": "::1",
    "level": "info",
    "id": "b03f5d38"
  },
  {
    "timestamp": "2026-08-04T07:53:49.470Z",
    "user": "admin",
    "action": "fim_check",
    "details": "File integrity check performed",
    "ip": "::1",
    "level": "info",
    "id": "474fe3a1"
  },
  {
    "timestamp": "2026-08-04T07:48:05.033Z",
    "user": "admin",
    "action": "fim_check",
    "details": "File integrity check performed",
    "ip": "::1",
    "level": "info",
    "id": "714dafe7"
  },
  {
    "timestamp": "2026-08-04T07:43:52.410Z",
    "user": "admin",
    "action": "fim_check",
    "details": "File integrity check performed",
    "ip": "::1",
    "level": "info",
    "id": "9c1287d4"
  },
  {
    "timestamp": "2026-08-04T07:38:05.013Z",
    "user": "admin",
    "action": "fim_check",
    "details": "File integrity check performed",
    "ip": "::1",
    "level": "info",
    "id": "70781563"
  },
  {
    "timestamp": "2026-08-04T07:28:05.085Z",
    "user": "admin",
    "action": "fim_check",
    "details": "File integrity check performed",
    "ip": "::1",
    "level": "info",
    "id": "4a211f4b"
  },
  {
    "timestamp": "2026-08-04T07:18:07.284Z",
    "user": "admin",
    "action": "fim_check",
    "details": "File integrity check performed",
    "ip": "::1",
    "level": "info",
    "id": "fff520ba"
  },
  {
    "timestamp": "2026-08-04T07:12:49.920Z",
    "user": "admin",
    "action": "login_success",
    "details": "Login successful",
    "ip": "::1",
    "level": "info",
    "id": "b0d7046e"
  },
  {
    "timestamp": "2026-08-04T07:12:49.909Z",
    "user": "admin",
    "action": "login_attempt",
    "details": "Login attempt",
    "ip": "::1",
    "level": "info",
    "id": "a8655c88"
  },
  {
    "timestamp": "2026-08-04T07:11:45.116Z",
    "user": "admin",
    "action": "fim_check",
    "details": "File integrity check performed",
    "ip": "::1",
    "level": "info",
    "id": "5b9fc7b3"
  },
  {
    "timestamp": "2026-08-04T07:10:43.527Z",
    "user": "admin",
    "action": "mfa_setup",
    "details": "MFA enabled",
    "ip": "::1",
    "level": "info",
    "id": "ee724859"
  },
  {
    "timestamp": "2026-08-04T07:08:07.304Z",
    "user": "admin",
    "action": "fim_check",
    "details": "File integrity check performed",
    "ip": "::1",
    "level": "info",
    "id": "1ae01c0a"
  },
  {
    "timestamp": "2026-08-04T07:03:01.591Z",
    "user": "admin",
    "action": "login_success",
    "details": "Login successful",
    "ip": "::1",
    "level": "info",
    "id": "fd00193e"
  },
  {
    "timestamp": "2026-08-04T07:03:01.584Z",
    "user": "admin",
    "action": "login_attempt",
    "details": "Login attempt",
    "ip": "::1",
    "level": "info",
    "id": "7ced8c79"
  },
  {
    "timestamp": "2026-08-04T07:01:45.021Z",
    "user": "admin",
    "action": "fim_check",
    "details": "File integrity check performed",
    "ip": "unknown",
    "level": "info",
    "id": "1edade84"
  },
  {
    "timestamp": "2026-08-04T06:54:55.456Z",
    "user": "admin",
    "action": "fim_check",
    "details": "File integrity check performed",
    "ip": "::1",
    "level": "info",
    "id": "b4012df2"
  },
  {
    "timestamp": "2026-08-04T06:54:37.418Z",
    "user": "admin",
    "action": "camera_removed",
    "details": "Camera \"adwa\" removed",
    "ip": "::1",
    "level": "warning",
    "id": "e1c40278"
  },
  {
    "timestamp": "2026-08-04T06:53:45.010Z",
    "user": "admin",
    "action": "camera_added",
    "details": "Camera \"adwa\" added (dwadawd)",
    "ip": "::1",
    "level": "info",
    "id": "ca2130bd"
  },
  {
    "timestamp": "2026-08-04T06:51:47.124Z",
    "user": "admin",
    "action": "fim_check",
    "details": "File integrity check performed",
    "ip": "::1",
    "level": "info",
    "id": "ed7dd0f5"
  },
  {
    "timestamp": "2026-08-04T06:51:44.092Z",
    "user": "admin",
    "action": "login_success",
    "details": "Login successful",
    "ip": "::1",
    "level": "info",
    "id": "a1a1a56b"
  },
  {
    "timestamp": "2026-08-04T06:51:44.086Z",
    "user": "admin",
    "action": "login_attempt",
    "details": "Login attempt",
    "ip": "::1",
    "level": "info",
    "id": "57612ea6"
  },
  {
    "timestamp": "2026-08-04T06:48:36.030Z",
    "user": "admin",
    "action": "login_failed",
    "details": "Invalid password",
    "ip": "::1",
    "level": "warning",
    "id": "52f56b06"
  },
  {
    "timestamp": "2026-08-04T06:48:36.027Z",
    "user": "admin",
    "action": "login_attempt",
    "details": "Login attempt",
    "ip": "::1",
    "level": "info",
    "id": "cfd4888e"
  },
  {
    "timestamp": "2026-08-04T06:48:07.796Z",
    "user": "admin",
    "action": "login_failed",
    "details": "Invalid password",
    "ip": "::1",
    "level": "warning",
    "id": "4a1114e3"
  },
  {
    "timestamp": "2026-08-04T06:48:07.794Z",
    "user": "admin",
    "action": "login_attempt",
    "details": "Login attempt",
    "ip": "::1",
    "level": "info",
    "id": "2d72e1ac"
  },
  {
    "timestamp": "2026-08-04T06:45:58.080Z",
    "user": "admin",
    "action": "login_failed",
    "details": "Invalid password",
    "ip": "::1",
    "level": "warning",
    "id": "6b41bee0"
  },
  {
    "timestamp": "2026-08-04T06:45:58.074Z",
    "user": "admin",
    "action": "login_attempt",
    "details": "Login attempt",
    "ip": "::1",
    "level": "info",
    "id": "8b898592"
  },
  {
    "timestamp": "2026-08-04T06:45:47.241Z",
    "user": "admin",
    "action": "login_failed",
    "details": "Invalid password",
    "ip": "::1",
    "level": "warning",
    "id": "dd7ab586"
  },
  {
    "timestamp": "2026-08-04T06:45:47.238Z",
    "user": "admin",
    "action": "login_attempt",
    "details": "Login attempt",
    "ip": "::1",
    "level": "info",
    "id": "81cfaf98"
  },
  {
    "timestamp": "2026-08-04T06:44:35.057Z",
    "user": "admin",
    "action": "fim_baseline",
    "details": "FIM baseline updated",
    "ip": "::1",
    "level": "info",
    "id": "64e1b3bc"
  },
  {
    "timestamp": "2026-08-04T06:44:34.030Z",
    "user": "admin",
    "action": "fim_check",
    "details": "File integrity check performed",
    "ip": "::1",
    "level": "info",
    "id": "e587d296"
  },
  {
    "timestamp": "2026-08-04T06:44:31.831Z",
    "user": "admin",
    "action": "fim_check",
    "details": "File integrity check performed",
    "ip": "::1",
    "level": "info",
    "id": "cae97dbf"
  },
  {
    "timestamp": "2026-08-04T06:44:09.538Z",
    "user": "admin",
    "action": "fim_check",
    "details": "File integrity check performed",
    "ip": "::1",
    "level": "info",
    "id": "4f8b2a05"
  },
  {
    "timestamp": "2026-08-04T06:40:27.007Z",
    "user": "admin",
    "action": "fim_check",
    "details": "File integrity check performed",
    "ip": "::1",
    "level": "info",
    "id": "db652119"
  },
  {
    "timestamp": "2026-08-04T06:30:29.542Z",
    "user": "admin",
    "action": "fim_check",
    "details": "File integrity check performed",
    "ip": "::1",
    "level": "info",
    "id": "499a5115"
  },
  {
    "timestamp": "2026-08-04T06:29:23.001Z",
    "user": "admin",
    "action": "fim_check",
    "details": "File integrity check performed",
    "ip": "::1",
    "level": "info",
    "id": "40a4a5d0"
  },
  {
    "timestamp": "2026-08-04T06:24:57.727Z",
    "user": "admin",
    "action": "login_success",
    "details": "Login successful",
    "ip": "::1",
    "level": "info",
    "id": "0d85ddae"
  },
  {
    "timestamp": "2026-08-04T06:24:57.721Z",
    "user": "admin",
    "action": "login_attempt",
    "details": "Login attempt",
    "ip": "::1",
    "level": "info",
    "id": "e84be7fa"
  },
  {
    "timestamp": "2026-08-04T06:19:23.017Z",
    "user": "admin",
    "action": "fim_check",
    "details": "File integrity check performed",
    "ip": "::1",
    "level": "info",
    "id": "ff704f87"
  },
  {
    "timestamp": "2026-08-04T06:18:39.018Z",
    "user": "admin",
    "action": "login_failed",
    "details": "Invalid password",
    "ip": "::1",
    "level": "warning",
    "id": "5acdea8b"
  },
  {
    "timestamp": "2026-08-04T06:18:39.012Z",
    "user": "admin",
    "action": "login_attempt",
    "details": "Login attempt",
    "ip": "::1",
    "level": "info",
    "id": "25123b18"
  },
  {
    "timestamp": "2026-08-04T06:12:52.358Z",
    "user": "admin",
    "action": "fim_check",
    "details": "File integrity check performed",
    "ip": "::1",
    "level": "info",
    "id": "8b83e56f"
  },
  {
    "timestamp": "2026-08-04T06:12:51.741Z",
    "user": "admin",
    "action": "fim_baseline",
    "details": "FIM baseline updated",
    "ip": "::1",
    "level": "info",
    "id": "946d918c"
  },
  {
    "timestamp": "2026-08-04T06:12:51.545Z",
    "user": "admin",
    "action": "fim_baseline",
    "details": "FIM baseline updated",
    "ip": "::1",
    "level": "info",
    "id": "e994a774"
  },
  {
    "timestamp": "2026-08-04T06:12:51.333Z",
    "user": "admin",
    "action": "fim_baseline",
    "details": "FIM baseline updated",
    "ip": "::1",
    "level": "info",
    "id": "c6631b9d"
  },
  {
    "timestamp": "2026-08-04T06:12:50.915Z",
    "user": "admin",
    "action": "fim_baseline",
    "details": "FIM baseline updated",
    "ip": "::1",
    "level": "info",
    "id": "9b65c5da"
  },
  {
    "timestamp": "2026-08-04T06:12:50.114Z",
    "user": "admin",
    "action": "fim_baseline",
    "details": "FIM baseline updated",
    "ip": "::1",
    "level": "info",
    "id": "c9df77ca"
  },
  {
    "timestamp": "2026-08-04T06:12:48.063Z",
    "user": "admin",
    "action": "fim_check",
    "details": "File integrity check performed",
    "ip": "::1",
    "level": "info",
    "id": "02a04795"
  },
  {
    "timestamp": "2026-08-04T06:12:44.526Z",
    "user": "admin",
    "action": "fim_check",
    "details": "File integrity check performed",
    "ip": "::1",
    "level": "info",
    "id": "1e803cb2"
  },
  {
    "timestamp": "2026-08-04T06:09:23.040Z",
    "user": "admin",
    "action": "fim_check",
    "details": "File integrity check performed",
    "ip": "::1",
    "level": "info",
    "id": "ab0779b8"
  },
  {
    "timestamp": "2026-08-04T05:59:23.021Z",
    "user": "admin",
    "action": "fim_check",
    "details": "File integrity check performed",
    "ip": "::1",
    "level": "info",
    "id": "c5be7598"
  },
  {
    "timestamp": "2026-08-04T05:50:36.368Z",
    "user": "admin",
    "action": "fim_check",
    "details": "File integrity check performed",
    "ip": "::1",
    "level": "info",
    "id": "14951854"
  },
  {
    "timestamp": "2026-08-04T05:49:25.648Z",
    "user": "admin",
    "action": "fim_check",
    "details": "File integrity check performed",
    "ip": "::1",
    "level": "info",
    "id": "f0b8c0d4"
  },
  {
    "timestamp": "2026-08-04T05:48:12.642Z",
    "user": "admin",
    "action": "fim_check",
    "details": "File integrity check performed",
    "ip": "::1",
    "level": "info",
    "id": "87ffcc46"
  },
  {
    "timestamp": "2026-08-04T05:48:00.030Z",
    "user": "admin",
    "action": "fim_check",
    "details": "File integrity check performed",
    "ip": "::1",
    "level": "info",
    "id": "d7f71194"
  },
  {
    "timestamp": "2026-08-04T05:47:58.914Z",
    "user": "admin",
    "action": "fim_baseline",
    "details": "FIM baseline updated",
    "ip": "::1",
    "level": "info",
    "id": "a5741978"
  },
  {
    "timestamp": "2026-08-04T05:47:55.620Z",
    "user": "admin",
    "action": "fim_check",
    "details": "File integrity check performed",
    "ip": "::1",
    "level": "info",
    "id": "f2c16363"
  },
  {
    "timestamp": "2026-08-04T05:47:48.424Z",
    "user": "admin",
    "action": "fim_check",
    "details": "File integrity check performed",
    "ip": "::1",
    "level": "info",
    "id": "932dfdf1"
  },
  {
    "timestamp": "2026-08-04T05:47:36.012Z",
    "user": "admin",
    "action": "fim_check",
    "details": "File integrity check performed",
    "ip": "::1",
    "level": "info",
    "id": "bd5f0da9"
  },
  {
    "timestamp": "2026-08-04T05:44:26.012Z",
    "user": "admin",
    "action": "fim_check",
    "details": "File integrity check performed",
    "ip": "::1",
    "level": "info",
    "id": "0db21c40"
  },
  {
    "timestamp": "2026-08-04T05:42:34.001Z",
    "user": "admin",
    "action": "fim_check",
    "details": "File integrity check performed",
    "ip": "::1",
    "level": "info",
    "id": "c5e5d12e"
  },
  {
    "timestamp": "2026-08-04T05:37:36.009Z",
    "user": "admin",
    "action": "fim_check",
    "details": "File integrity check performed",
    "ip": "::1",
    "level": "info",
    "id": "8635ebde"
  },
  {
    "timestamp": "2026-08-04T05:34:26.004Z",
    "user": "admin",
    "action": "fim_check",
    "details": "File integrity check performed",
    "ip": "::1",
    "level": "info",
    "id": "3b194aea"
  },
  {
    "timestamp": "2026-08-04T05:33:26.064Z",
    "user": "admin",
    "action": "fim_check",
    "details": "File integrity check performed",
    "ip": "::1",
    "level": "info",
    "id": "c2e8fa1d"
  },
  {
    "timestamp": "2026-08-04T05:32:36.424Z",
    "user": "admin",
    "action": "fim_check",
    "details": "File integrity check performed",
    "ip": "::1",
    "level": "info",
    "id": "fd866105"
  },
  {
    "timestamp": "2026-08-04T05:27:38.704Z",
    "user": "admin",
    "action": "fim_check",
    "details": "File integrity check performed",
    "ip": "::1",
    "level": "info",
    "id": "ef41e4bb"
  },
  {
    "timestamp": "2026-08-04T05:24:28.309Z",
    "user": "admin",
    "action": "fim_check",
    "details": "File integrity check performed",
    "ip": "::1",
    "level": "info",
    "id": "f7440d79"
  },
  {
    "timestamp": "2026-08-04T05:23:11.123Z",
    "user": "admin",
    "action": "fim_check",
    "details": "File integrity check performed",
    "ip": "::1",
    "level": "info",
    "id": "a6011200"
  },
  {
    "timestamp": "2026-08-04T05:23:10.882Z",
    "user": "admin",
    "action": "fim_check",
    "details": "File integrity check performed",
    "ip": "::1",
    "level": "info",
    "id": "cbbaefc2"
  },
  {
    "timestamp": "2026-08-04T05:23:10.262Z",
    "user": "admin",
    "action": "fim_check",
    "details": "File integrity check performed",
    "ip": "::1",
    "level": "info",
    "id": "2e78f9fb"
  },
  {
    "timestamp": "2026-08-04T05:23:07.334Z",
    "user": "admin",
    "action": "fim_check",
    "details": "File integrity check performed",
    "ip": "::1",
    "level": "info",
    "id": "eca5f0d5"
  },
  {
    "timestamp": "2026-08-04T05:23:05.823Z",
    "user": "admin",
    "action": "fim_check",
    "details": "File integrity check performed",
    "ip": "::1",
    "level": "info",
    "id": "a4c59a81"
  },
  {
    "timestamp": "2026-08-04T05:20:22.679Z",
    "user": "admin",
    "action": "fim_check",
    "details": "File integrity check performed",
    "ip": "::1",
    "level": "info",
    "id": "01817064"
  },
  {
    "timestamp": "2026-08-04T05:13:31.541Z",
    "user": "admin",
    "action": "fim_check",
    "details": "File integrity check performed",
    "ip": "::1",
    "level": "info",
    "id": "e446947b"
  },
  {
    "timestamp": "2026-08-04T05:13:24.143Z",
    "user": "admin",
    "action": "fim_check",
    "details": "File integrity check performed",
    "ip": "::1",
    "level": "info",
    "id": "3f8e75dc"
  },
  {
    "timestamp": "2026-08-04T05:10:39.669Z",
    "user": "admin",
    "action": "fim_check",
    "details": "File integrity check performed",
    "ip": "::1",
    "level": "info",
    "id": "9d09972b"
  },
  {
    "timestamp": "2026-08-04T05:10:11.201Z",
    "user": "admin",
    "action": "fim_check",
    "details": "File integrity check performed",
    "ip": "::1",
    "level": "info",
    "id": "4012ace6"
  },
  {
    "timestamp": "2026-08-04T05:09:11.210Z",
    "user": "admin",
    "action": "fim_check",
    "details": "File integrity check performed",
    "ip": "::1",
    "level": "info",
    "id": "3b6742ec"
  },
  {
    "timestamp": "2026-08-04T05:08:11.212Z",
    "user": "admin",
    "action": "fim_check",
    "details": "File integrity check performed",
    "ip": "::1",
    "level": "info",
    "id": "cb6a51c3"
  },
  {
    "timestamp": "2026-08-04T05:07:11.201Z",
    "user": "admin",
    "action": "fim_check",
    "details": "File integrity check performed",
    "ip": "::1",
    "level": "info",
    "id": "e97e1ea2"
  },
  {
    "timestamp": "2026-08-04T05:06:11.217Z",
    "user": "admin",
    "action": "fim_check",
    "details": "File integrity check performed",
    "ip": "::1",
    "level": "info",
    "id": "3d281e62"
  },
  {
    "timestamp": "2026-08-04T05:05:11.197Z",
    "user": "admin",
    "action": "fim_check",
    "details": "File integrity check performed",
    "ip": "::1",
    "level": "info",
    "id": "b84e75d1"
  },
  {
    "timestamp": "2026-08-04T05:04:11.217Z",
    "user": "admin",
    "action": "fim_check",
    "details": "File integrity check performed",
    "ip": "::1",
    "level": "info",
    "id": "9c5bcc5a"
  },
  {
    "timestamp": "2026-08-04T05:03:26.957Z",
    "user": "admin",
    "action": "fim_check",
    "details": "File integrity check performed",
    "ip": "::1",
    "level": "info",
    "id": "e732d202"
  },
  {
    "timestamp": "2026-08-04T05:03:14.194Z",
    "user": "admin",
    "action": "fim_check",
    "details": "File integrity check performed",
    "ip": "::1",
    "level": "info",
    "id": "bc31e434"
  },
  {
    "timestamp": "2026-08-04T05:03:11.181Z",
    "user": "admin",
    "action": "login_success",
    "details": "Login successful",
    "ip": "::1",
    "level": "info",
    "id": "4281cab6"
  },
  {
    "timestamp": "2026-08-04T05:03:11.177Z",
    "user": "admin",
    "action": "login_attempt",
    "details": "Login attempt",
    "ip": "::1",
    "level": "info",
    "id": "346e6a4c"
  },
  {
    "timestamp": "2026-08-04T05:02:49.825Z",
    "user": "admin",
    "action": "fim_check",
    "details": "File integrity check performed",
    "ip": "::1",
    "level": "info",
    "id": "c1590e5a"
  },
  {
    "timestamp": "2026-08-04T05:02:09.706Z",
    "user": "admin",
    "action": "fim_check",
    "details": "File integrity check performed",
    "ip": "::1",
    "level": "info",
    "id": "53e962f6"
  },
  {
    "timestamp": "2026-08-04T05:02:07.328Z",
    "user": "admin",
    "action": "fim_baseline",
    "details": "FIM baseline updated",
    "ip": "::1",
    "level": "info",
    "id": "02bae008"
  },
  {
    "timestamp": "2026-08-04T05:02:05.660Z",
    "user": "admin",
    "action": "fim_check",
    "details": "File integrity check performed",
    "ip": "::1",
    "level": "info",
    "id": "f568e9ab"
  },
  {
    "timestamp": "2026-08-04T05:02:03.710Z",
    "user": "admin",
    "action": "fim_check",
    "details": "File integrity check performed",
    "ip": "::1",
    "level": "info",
    "id": "e3284c25"
  },
  {
    "timestamp": "2026-08-04T05:01:56.880Z",
    "user": "admin",
    "action": "fim_check",
    "details": "File integrity check performed",
    "ip": "::1",
    "level": "info",
    "id": "1742a77c"
  },
  {
    "timestamp": "2026-08-04T05:01:25.439Z",
    "user": "admin",
    "action": "fim_check",
    "details": "File integrity check performed",
    "ip": "::1",
    "level": "info",
    "id": "2cc2fa61"
  },
  {
    "timestamp": "2026-08-04T05:00:48.665Z",
    "user": "admin",
    "action": "login_success",
    "details": "Login successful",
    "ip": "::1",
    "level": "info",
    "id": "e4afbd06"
  },
  {
    "timestamp": "2026-08-04T05:00:48.645Z",
    "user": "admin",
    "action": "login_attempt",
    "details": "Login attempt",
    "ip": "::1",
    "level": "info",
    "id": "d683486b"
  },
  {
    "timestamp": "2026-08-04T04:57:58.648Z",
    "user": "admin",
    "action": "secret_deleted",
    "details": "Secret deleted",
    "ip": "::1",
    "level": "warning",
    "id": "15687243"
  },
  {
    "timestamp": "2026-08-04T04:57:49.162Z",
    "user": "admin",
    "action": "secret_viewed",
    "details": "Secret value viewed",
    "ip": "::1",
    "level": "warning",
    "id": "6a032a05"
  },
  {
    "timestamp": "2026-08-04T04:57:35.283Z",
    "user": "admin",
    "action": "secret_added",
    "details": "Secret \"API_KEY\" added",
    "ip": "::1",
    "level": "info",
    "id": "94d24394"
  },
  {
    "timestamp": "2026-08-04T04:57:32.645Z",
    "user": "admin",
    "action": "mfa_setup",
    "details": "MFA enabled",
    "ip": "::1",
    "level": "info",
    "id": "c95eb1e8"
  },
  {
    "timestamp": "2026-08-04T04:57:20.812Z",
    "user": "admin",
    "action": "login_success",
    "details": "Login successful",
    "ip": "::1",
    "level": "info",
    "id": "000b30cc"
  },
  {
    "timestamp": "2026-08-04T04:57:20.806Z",
    "user": "admin",
    "action": "login_attempt",
    "details": "Login attempt",
    "ip": "::1",
    "level": "info",
    "id": "3b9f37fd"
  },
  {
    "timestamp": "2026-08-04T04:56:09.281Z",
    "user": "admin",
    "action": "login_failed",
    "details": "Invalid password",
    "ip": "::1",
    "level": "warning",
    "id": "4150c467"
  },
  {
    "timestamp": "2026-08-04T04:56:09.279Z",
    "user": "admin",
    "action": "login_attempt",
    "details": "Login attempt",
    "ip": "::1",
    "level": "info",
    "id": "c695b5d7"
  },
  {
    "timestamp": "2026-08-04T04:55:43.703Z",
    "user": "admin",
    "action": "fim_check",
    "details": "File integrity check performed",
    "ip": "unknown",
    "level": "info",
    "id": "5a4f1efb"
  },
  {
    "timestamp": "2026-08-04T04:09:30.480Z",
    "user": "admin",
    "action": "fim_check",
    "details": "File integrity check performed",
    "ip": "unknown",
    "level": "info",
    "id": "2e464d79"
  },
  {
    "timestamp": "2026-08-04T04:09:29.745Z",
    "user": "admin",
    "action": "fim_check",
    "details": "File integrity check performed",
    "ip": "unknown",
    "level": "info",
    "id": "78d24413"
  },
  {
    "timestamp": "2026-08-04T04:08:57.401Z",
    "user": "admin",
    "action": "fim_check",
    "details": "File integrity check performed",
    "ip": "unknown",
    "level": "info",
    "id": "711d1fc6"
  },
  {
    "timestamp": "2026-08-04T04:08:56.368Z",
    "user": "admin",
    "action": "fim_check",
    "details": "File integrity check performed",
    "ip": "unknown",
    "level": "info",
    "id": "806de180"
  },
  {
    "timestamp": "2026-08-04T04:08:52.320Z",
    "user": "admin",
    "action": "fim_baseline",
    "details": "FIM baseline updated",
    "ip": "unknown",
    "level": "info",
    "id": "5bca76c9"
  },
  {
    "timestamp": "2026-08-04T04:08:51.508Z",
    "user": "admin",
    "action": "fim_baseline",
    "details": "FIM baseline updated",
    "ip": "unknown",
    "level": "info",
    "id": "6f13a008"
  },
  {
    "timestamp": "2026-08-04T04:08:50.604Z",
    "user": "admin",
    "action": "fim_baseline",
    "details": "FIM baseline updated",
    "ip": "unknown",
    "level": "info",
    "id": "a3a9510c"
  },
  {
    "timestamp": "2026-08-04T04:08:48.366Z",
    "user": "admin",
    "action": "fim_check",
    "details": "File integrity check performed",
    "ip": "unknown",
    "level": "info",
    "id": "76505e1a"
  },
  {
    "timestamp": "2026-08-04T04:08:44.732Z",
    "user": "admin",
    "action": "fim_check",
    "details": "File integrity check performed",
    "ip": "unknown",
    "level": "info",
    "id": "c12320e7"
  },
  {
    "timestamp": "2026-08-04T04:08:44.039Z",
    "user": "admin",
    "action": "fim_check",
    "details": "File integrity check performed",
    "ip": "unknown",
    "level": "info",
    "id": "042d0f98"
  },
  {
    "timestamp": "2026-08-04T03:23:33.480Z",
    "user": "admin",
    "action": "fim_check",
    "details": "File integrity check performed",
    "ip": "unknown",
    "level": "info",
    "id": "62041bbf"
  },
  {
    "timestamp": "2026-08-04T03:23:30.968Z",
    "user": "admin",
    "action": "fim_baseline",
    "details": "FIM baseline updated",
    "ip": "unknown",
    "level": "info",
    "id": "51bc2cee"
  },
  {
    "timestamp": "2026-08-04T03:23:27.346Z",
    "user": "admin",
    "action": "fim_check",
    "details": "File integrity check performed",
    "ip": "unknown",
    "level": "info",
    "id": "fd31b522"
  },
  {
    "timestamp": "2026-08-04T03:23:23.062Z",
    "user": "admin",
    "action": "fim_check",
    "details": "File integrity check performed",
    "ip": "unknown",
    "level": "info",
    "id": "0285e6a4"
  },
  {
    "timestamp": "2026-08-04T03:21:50.648Z",
    "user": "admin",
    "action": "fim_baseline",
    "details": "FIM baseline updated",
    "ip": "unknown",
    "level": "info",
    "id": "6d85a85d"
  },
  {
    "timestamp": "2026-08-04T03:21:38.493Z",
    "user": "admin",
    "action": "fim_check",
    "details": "File integrity check performed",
    "ip": "unknown",
    "level": "info",
    "id": "fcb78383"
  },
  {
    "timestamp": "2026-08-04T03:06:39.465Z",
    "user": "admin",
    "action": "fim_check",
    "details": "File integrity check performed",
    "ip": "unknown",
    "level": "info",
    "id": "0fd0e106"
  },
  {
    "timestamp": "2026-08-04T03:05:23.215Z",
    "user": "admin",
    "action": "fim_check",
    "details": "File integrity check performed",
    "ip": "unknown",
    "level": "info",
    "id": "a6308758"
  },
  {
    "timestamp": "2026-08-04T03:05:18.340Z",
    "user": "admin",
    "action": "fim_check",
    "details": "File integrity check performed",
    "ip": "unknown",
    "level": "info",
    "id": "b92f8ef0"
  },
  {
    "timestamp": "2026-08-04T03:05:17.457Z",
    "user": "admin",
    "action": "fim_check",
    "details": "File integrity check performed",
    "ip": "unknown",
    "level": "info",
    "id": "d06cd130"
  },
  {
    "timestamp": "2026-08-04T03:05:12.648Z",
    "user": "admin",
    "action": "fim_baseline",
    "details": "FIM baseline updated",
    "ip": "unknown",
    "level": "info",
    "id": "d2881159"
  },
  {
    "timestamp": "2026-08-04T03:05:12.444Z",
    "user": "admin",
    "action": "fim_baseline",
    "details": "FIM baseline updated",
    "ip": "unknown",
    "level": "info",
    "id": "d59f8820"
  },
  {
    "timestamp": "2026-08-04T03:05:12.217Z",
    "user": "admin",
    "action": "fim_baseline",
    "details": "FIM baseline updated",
    "ip": "unknown",
    "level": "info",
    "id": "d592c905"
  },
  {
    "timestamp": "2026-08-04T03:05:09.583Z",
    "user": "admin",
    "action": "fim_baseline",
    "details": "FIM baseline updated",
    "ip": "unknown",
    "level": "info",
    "id": "d287a093"
  },
  {
    "timestamp": "2026-08-04T03:05:05.616Z",
    "user": "admin",
    "action": "fim_check",
    "details": "File integrity check performed",
    "ip": "unknown",
    "level": "info",
    "id": "505b9d51"
  },
  {
    "timestamp": "2026-08-04T03:04:48.897Z",
    "user": "admin",
    "action": "fim_check",
    "details": "File integrity check performed",
    "ip": "unknown",
    "level": "info",
    "id": "71437296"
  },
  {
    "timestamp": "2026-08-04T03:01:35.688Z",
    "user": "admin",
    "action": "fim_check",
    "details": "File integrity check performed",
    "ip": "unknown",
    "level": "info",
    "id": "f6d6e5ba"
  },
  {
    "timestamp": "2026-08-04T03:01:32.591Z",
    "user": "admin",
    "action": "fim_check",
    "details": "File integrity check performed",
    "ip": "unknown",
    "level": "info",
    "id": "8986df0b"
  },
  {
    "timestamp": "2026-08-04T03:01:28.993Z",
    "user": "admin",
    "action": "fim_check",
    "details": "File integrity check performed",
    "ip": "unknown",
    "level": "info",
    "id": "b7e9fab2"
  },
  {
    "timestamp": "2026-08-04T02:59:57.107Z",
    "user": "admin",
    "action": "fim_check",
    "details": "File integrity check performed",
    "ip": "unknown",
    "level": "info",
    "id": "e5b322f4"
  },
  {
    "timestamp": "2026-08-04T02:59:55.880Z",
    "user": "admin",
    "action": "fim_check",
    "details": "File integrity check performed",
    "ip": "unknown",
    "level": "info",
    "id": "7149e88a"
  },
  {
    "timestamp": "2026-08-04T02:59:28.579Z",
    "user": "admin",
    "action": "fim_check",
    "details": "File integrity check performed",
    "ip": "unknown",
    "level": "info",
    "id": "b2e1250a"
  },
  {
    "timestamp": "2026-08-04T02:58:57.414Z",
    "user": "admin",
    "action": "fim_check",
    "details": "File integrity check performed",
    "ip": "unknown",
    "level": "info",
    "id": "956e4b80"
  },
  {
    "timestamp": "2026-08-04T02:58:26.577Z",
    "user": "admin",
    "action": "fim_check",
    "details": "File integrity check performed",
    "ip": "unknown",
    "level": "info",
    "id": "4904f44f"
  },
  {
    "timestamp": "2026-08-04T02:55:21.760Z",
    "user": "admin",
    "action": "fim_check",
    "details": "File integrity check performed",
    "ip": "unknown",
    "level": "info",
    "id": "bcd4c546"
  },
  {
    "timestamp": "2026-08-04T02:54:55.914Z",
    "user": "admin",
    "action": "fim_check",
    "details": "File integrity check performed",
    "ip": "unknown",
    "level": "info",
    "id": "718aca4d"
  },
  {
    "timestamp": "2026-08-04T02:54:21.393Z",
    "user": "admin",
    "action": "fim_check",
    "details": "File integrity check performed",
    "ip": "unknown",
    "level": "info",
    "id": "004f80f6"
  },
  {
    "timestamp": "2026-08-04T02:54:03.702Z",
    "user": "admin",
    "action": "fim_check",
    "details": "File integrity check performed",
    "ip": "unknown",
    "level": "info",
    "id": "70d9db5f"
  },
  {
    "timestamp": "2026-08-04T02:51:43.436Z",
    "user": "admin",
    "action": "fim_check",
    "details": "File integrity check performed",
    "ip": "unknown",
    "level": "info",
    "id": "491e4b98"
  },
  {
    "timestamp": "2026-08-04T02:51:39.280Z",
    "user": "admin",
    "action": "fim_check",
    "details": "File integrity check performed",
    "ip": "unknown",
    "level": "info",
    "id": "f0bdcfbd"
  },
  {
    "timestamp": "2026-08-04T02:51:19.988Z",
    "user": "admin",
    "action": "fim_check",
    "details": "File integrity check performed",
    "ip": "unknown",
    "level": "info",
    "id": "4b278b8c"
  },
  {
    "timestamp": "2026-08-04T02:51:06.813Z",
    "user": "admin",
    "action": "fim_check",
    "details": "File integrity check performed",
    "ip": "unknown",
    "level": "info",
    "id": "8b5a6b4a"
  },
  {
    "timestamp": "2026-08-04T02:50:51.768Z",
    "user": "admin",
    "action": "fim_check",
    "details": "File integrity check performed",
    "ip": "unknown",
    "level": "info",
    "id": "10cb0a2d"
  },
  {
    "timestamp": "2026-08-04T02:50:27.799Z",
    "user": "admin",
    "action": "fim_check",
    "details": "File integrity check performed",
    "ip": "unknown",
    "level": "info",
    "id": "519c82f9"
  },
  {
    "timestamp": "2026-08-04T02:50:25.141Z",
    "user": "admin",
    "action": "fim_baseline",
    "details": "FIM baseline updated",
    "ip": "unknown",
    "level": "info",
    "id": "7a2de9d9"
  },
  {
    "timestamp": "2026-08-04T02:50:21.419Z",
    "user": "admin",
    "action": "fim_check",
    "details": "File integrity check performed",
    "ip": "unknown",
    "level": "info",
    "id": "45aacdde"
  },
  {
    "timestamp": "2026-08-04T02:50:20.876Z",
    "user": "admin",
    "action": "fim_check",
    "details": "File integrity check performed",
    "ip": "unknown",
    "level": "info",
    "id": "745ed649"
  },
  {
    "timestamp": "2026-08-04T02:50:02.450Z",
    "user": "admin",
    "action": "fim_check",
    "details": "File integrity check performed",
    "ip": "unknown",
    "level": "info",
    "id": "ce9aaf80"
  },
  {
    "timestamp": "2026-08-04T02:48:59.556Z",
    "user": "admin",
    "action": "fim_check",
    "details": "File integrity check performed",
    "ip": "unknown",
    "level": "info",
    "id": "53a75df6"
  },
  {
    "timestamp": "2026-08-04T02:48:58.920Z",
    "user": "admin",
    "action": "fim_check",
    "details": "File integrity check performed",
    "ip": "unknown",
    "level": "info",
    "id": "7af4b97c"
  },
  {
    "timestamp": "2026-08-04T02:48:51.573Z",
    "user": "admin",
    "action": "fim_check",
    "details": "File integrity check performed",
    "ip": "unknown",
    "level": "info",
    "id": "7864faf2"
  },
  {
    "timestamp": "2026-08-04T02:48:51.109Z",
    "user": "admin",
    "action": "fim_check",
    "details": "File integrity check performed",
    "ip": "unknown",
    "level": "info",
    "id": "67f63538"
  },
  {
    "timestamp": "2026-08-04T02:48:38.100Z",
    "user": "admin",
    "action": "fim_check",
    "details": "File integrity check performed",
    "ip": "unknown",
    "level": "info",
    "id": "027ef4b4"
  },
  {
    "timestamp": "2026-08-04T02:48:38.021Z",
    "user": "admin",
    "action": "fim_check",
    "details": "File integrity check performed",
    "ip": "unknown",
    "level": "info",
    "id": "eff34cb0"
  },
  {
    "timestamp": "2026-08-04T02:48:16.877Z",
    "user": "admin",
    "action": "fim_check",
    "details": "File integrity check performed",
    "ip": "unknown",
    "level": "info",
    "id": "acab6e82"
  },
  {
    "timestamp": "2026-08-04T02:47:47.434Z",
    "user": "admin",
    "action": "fim_check",
    "details": "File integrity check performed",
    "ip": "unknown",
    "level": "info",
    "id": "71a3f41e"
  },
  {
    "timestamp": "2026-08-04T02:47:47.099Z",
    "user": "admin",
    "action": "fim_check",
    "details": "File integrity check performed",
    "ip": "unknown",
    "level": "info",
    "id": "ec30b1ea"
  },
  {
    "timestamp": "2026-08-04T02:47:28.085Z",
    "user": "admin",
    "action": "fim_check",
    "details": "File integrity check performed",
    "ip": "unknown",
    "level": "info",
    "id": "ff260b78"
  },
  {
    "timestamp": "2026-08-04T02:47:27.481Z",
    "user": "admin",
    "action": "fim_check",
    "details": "File integrity check performed",
    "ip": "unknown",
    "level": "info",
    "id": "e9cc7031"
  },
  {
    "timestamp": "2026-08-04T02:47:19.479Z",
    "user": "admin",
    "action": "fim_check",
    "details": "File integrity check performed",
    "ip": "unknown",
    "level": "info",
    "id": "537b6aed"
  },
  {
    "timestamp": "2026-08-04T02:47:18.889Z",
    "user": "admin",
    "action": "fim_check",
    "details": "File integrity check performed",
    "ip": "unknown",
    "level": "info",
    "id": "9db70e3b"
  },
  {
    "timestamp": "2026-08-04T02:47:18.217Z",
    "user": "admin",
    "action": "fim_check",
    "details": "File integrity check performed",
    "ip": "unknown",
    "level": "info",
    "id": "73e883e5"
  },
  {
    "timestamp": "2026-08-04T02:47:17.269Z",
    "user": "admin",
    "action": "fim_check",
    "details": "File integrity check performed",
    "ip": "unknown",
    "level": "info",
    "id": "9ccd52fe"
  },
  {
    "timestamp": "2026-08-04T02:47:11.484Z",
    "user": "admin",
    "action": "fim_check",
    "details": "File integrity check performed",
    "ip": "unknown",
    "level": "info",
    "id": "2ef51e8f"
  },
  {
    "timestamp": "2026-08-04T02:47:11.248Z",
    "user": "admin",
    "action": "fim_check",
    "details": "File integrity check performed",
    "ip": "unknown",
    "level": "info",
    "id": "1001e7d1"
  },
  {
    "timestamp": "2026-08-04T02:46:43.870Z",
    "user": "admin",
    "action": "fim_check",
    "details": "File integrity check performed",
    "ip": "unknown",
    "level": "info",
    "id": "1701b5a3"
  },
  {
    "timestamp": "2026-08-04T02:46:33.043Z",
    "user": "admin",
    "action": "fim_check",
    "details": "File integrity check performed",
    "ip": "unknown",
    "level": "info",
    "id": "142f2d1a"
  },
  {
    "timestamp": "2026-08-04T02:31:33.003Z",
    "user": "admin",
    "action": "fim_check",
    "details": "File integrity check performed",
    "ip": "::1",
    "level": "info",
    "id": "f73e042a"
  },
  {
    "timestamp": "2026-08-04T02:31:28.166Z",
    "user": "admin",
    "action": "fim_check",
    "details": "File integrity check performed",
    "ip": "::1",
    "level": "info",
    "id": "5bc9137a"
  },
  {
    "timestamp": "2026-08-04T02:31:13.754Z",
    "user": "admin",
    "action": "fim_check",
    "details": "File integrity check performed",
    "ip": "::1",
    "level": "info",
    "id": "830b865b"
  },
  {
    "timestamp": "2026-08-04T02:30:48.422Z",
    "user": "admin",
    "action": "ping_check",
    "details": "Ping [REDACTED]: alive",
    "ip": "::1",
    "level": "info",
    "id": "4c427df8"
  },
  {
    "timestamp": "2026-08-04T02:30:19.522Z",
    "user": "admin",
    "action": "fim_check",
    "details": "File integrity check performed",
    "ip": "::1",
    "level": "info",
    "id": "2ceadee8"
  },
  {
    "timestamp": "2026-08-04T02:30:14.346Z",
    "user": "admin",
    "action": "fim_check",
    "details": "File integrity check performed",
    "ip": "::1",
    "level": "info",
    "id": "816e36ac"
  },
  {
    "timestamp": "2026-08-04T02:29:58.087Z",
    "user": "admin",
    "action": "fim_check",
    "details": "File integrity check performed",
    "ip": "::1",
    "level": "info",
    "id": "22f7b140"
  },
  {
    "timestamp": "2026-08-04T01:20:24.488Z",
    "user": "admin",
    "action": "fim_check",
    "details": "File integrity check performed",
    "ip": "::1",
    "level": "info",
    "id": "9a5ed3ac"
  },
  {
    "timestamp": "2026-08-04T01:19:56.412Z",
    "user": "admin",
    "action": "fim_check",
    "details": "File integrity check performed",
    "ip": "::1",
    "level": "info",
    "id": "24801ccd"
  }
]